========================================
DPL CREATOR v5.1
========================================
Назначение: генерация DPL-скриптов
  - JSON конфигурация
  - FileScanner для поиска
  - Wildcards поддержка
  - Множественные паттерны через массив patterns
========================================
Аргументы (2):
  argv[0] = "DPL_tools\dpl_creator.exe"
  argv[1] = "DPL_tools\dplcreator.cfg"
Рабочая директория: e:\projects\eigen_print
========================================


Финальные параметры:
  projectPath = "."
  configFile  = "dplcreator.json"
========================================


========================================
ЗАГРУЗКА КОНФИГУРАЦИИ (JSON)
========================================
Переданный путь: "dplcreator.json"
Абсолютный путь: "e:\projects\eigen_print\dplcreator.json"
----------------------------------------
✅ Файл существует (925 байт)
  output = project.dpl.txt
  include_hidden = 0
  debug = 0
  patterns: 6 паттернов
    - **/*.[chi](pp|)
    - **/CMakeLists.txt
    - **/*.py
    - build_log.txt
    - **/Makefile
    - **/README.md
  exclude_file += *.exe
  exclude_file += *.dll
  exclude_dir += DPL_tools
  exclude_dir += test_data
  exclude_dir += backup
  exclude_dir += .git
  exclude_dir += .svn
  exclude_dir += .vs
  exclude_dir += .vscode
  exclude_dir += node_modules
  exclude_dir += build
  exclude_dir += Debug
  exclude_dir += Release
  exclude_dir += x64
  exclude_dir += x86
  exclude_dir += bin
  exclude_dir += obj
  exclude_dir += packages
  exclude_dir += __pycache__
  exclude_dir += .cache
  exclude_dir += dist
  exclude_dir += out
----------------------------------------
ИТОГОВЫЕ НАСТРОЙКИ:
  output:          project.dpl.txt
  include_hidden:  0
  debug:           0
  patterns:        6 паттернов
    - **/*.[chi](pp|)
    - **/CMakeLists.txt
    - **/*.py
    - build_log.txt
    - **/Makefile
    - **/README.md
  exclude_files:   *.dll *.exe 
  exclude_dirs:    .cache .git .svn .vs .vscode DPL_tools Debug Release __pycache__ backup bin build dist node_modules obj out packages test_data x64 x86 
========================================

========================================
ГЕНЕРАЦИЯ DPL
========================================
Корень проекта: e:\projects\eigen_print
Выходной файл: e:\projects\eigen_print\project.dpl
Имя генератора: dpl_creator.exe
----------------------------------------

========================================
СКАНИРОВАНИЕ ФАЙЛОВ (FileScanner)
========================================
Корень: e:\projects\eigen_print
Шаблонов: 6
  - **/*.[chi](pp|)
  - **/CMakeLists.txt
  - **/*.py
  - build_log.txt
  - **/Makefile
  - **/README.md
----------------------------------------
----------------------------------------
Найдено файлов: 15
========================================

Session timestamp: 20260801081548
Запись DPL-файла...
  FILE: CMakeLists.txt
  FILE: build_log.txt
  FILE: examples/CMakeLists.txt
  FILE: examples/example_matrix.cpp
  FILE: examples/example_sparse.cpp
  FILE: examples/example_tensor.cpp
  FILE: include/eigen_print/eigen_print.hpp
  FILE: include/eigen_print/options.hpp
  FILE: tests/CMakeLists.txt
  FILE: tests/test_matrix.cpp
  FILE: tests/test_options.cpp
  FILE: tests/test_print.cpp
  FILE: tests/test_sparse.cpp
  FILE: tests/test_tensor.cpp
  FILE: tests/test_utils.hpp

========================================
✓ DPL создан: project.dpl.txt
  Элементов: 15
    - Папок: 0
    - Файлов: 15
========================================
